[themes.2the.me/Messenger-1.1/index.html]
[backblue.gif]
[fade.gif]
[index.html]
[themes.2the.me/Messenger-1.1/assets/css/template.min.css]
[themes.2the.me/Messenger-1.1/assets/css/template.dark.min.css]
[themes.2the.me/Messenger-1.1/assets/images/brand.svg]
[themes.2the.me/Messenger-1.1/settings.html]
[themes.2the.me/Messenger-1.1/assets/images/avatars/10.jpg]
[themes.2the.me/Messenger-1.1/assets/images/avatars/6.jpg]
[themes.2the.me/Messenger-1.1/assets/images/avatars/5.jpg]
[themes.2the.me/Messenger-1.1/assets/images/avatars/4.jpg]
[themes.2the.me/Messenger-1.1/assets/images/avatars/7.jpg]
[themes.2the.me/Messenger-1.1/assets/images/avatars/9.jpg]
[themes.2the.me/Messenger-1.1/assets/images/avatars/3.jpg]
[themes.2the.me/Messenger-1.1/chat-2.html]
[themes.2the.me/Messenger-1.1/assets/images/avatars/2.jpg]
[themes.2the.me/Messenger-1.1/assets/images/avatars/8.jpg]
[themes.2the.me/Messenger-1.1/chat-1.html]
[themes.2the.me/Messenger-1.1/assets/images/avatars/11.jpg]
[themes.2the.me/Messenger-1.1/documentation/index.html]
[themes.2the.me/Messenger-1.1/assets/images/demos/chat.jpg]
[themes.2the.me/Messenger-1.1/assets/images/demos/chat-dark.jpg]
[themes.2the.me/Messenger-1.1/demo-light/index.html]
[themes.2the.me/Messenger-1.1/demo-dark/index.html]
[themes.2the.me/Messenger-1.1/assets/images/demos/sign-in-dark.jpg]
[themes.2the.me/Messenger-1.1/signin.html]
[themes.2the.me/Messenger-1.1/assets/images/demos/sign-up-dark.jpg]
[themes.2the.me/Messenger-1.1/signup.html]
[themes.2the.me/Messenger-1.1/assets/images/demos/password-reset-dark.jpg]
[themes.2the.me/Messenger-1.1/password-reset.html]
[themes.2the.me/Messenger-1.1/assets/images/avatars/12.jpg]
[themes.2the.me/Messenger-1.1/assets/js/libs/jquery.min.js]
[themes.2the.me/Messenger-1.1/assets/js/bootstrap/bootstrap.bundle.min.js]
[themes.2the.me/Messenger-1.1/assets/js/plugins/plugins.bundle.js]
[themes.2the.me/Messenger-1.1/index.html]
[themes.2the.me/Messenger-1.1/assets/js/template.js]
[themes.2the.me/Messenger-1.1/assets/fonts/roboto/roboto.italic-webfont.woff2]
[themes.2the.me/Messenger-1.1/assets/fonts/roboto/roboto.italic-webfont.woff]
[themes.2the.me/Messenger-1.1/assets/fonts/roboto/roboto.bold-webfont.woff2]
[themes.2the.me/Messenger-1.1/assets/fonts/roboto/roboto.bold-webfont.woff]
[themes.2the.me/Messenger-1.1/assets/fonts/roboto/roboto.regular-webfont.woff2]
[themes.2the.me/Messenger-1.1/assets/fonts/roboto/roboto.regular-webfont.woff]
[themes.2the.me/Messenger-1.1/assets/fonts/roboto/roboto.medium-webfont.woff2]
[themes.2the.me/Messenger-1.1/assets/fonts/roboto/roboto.medium-webfont.woff]
[themes.2the.me/Messenger-1.1/assets/fonts/feather/feather.ttf]
[themes.2the.me/Messenger-1.1/assets/fonts/feather/feather.woff]
[themes.2the.me/Messenger-1.1/assets/css/template.min.css]
[themes.2the.me/Messenger-1.1/assets/css/template.dark.min.css]
[themes.2the.me/Messenger-1.1/assets/images/brand.svg]
[themes.2the.me/Messenger-1.1/settings.html]
[themes.2the.me/Messenger-1.1/assets/fonts/feather/feather.svg]
[themes.2the.me/Messenger-1.1/some.php]
[themes.2the.me/Boomerang/1.2/assets/images/team/1.jpg]
[themes.2the.me/Boomerang/1.2/assets/images/team/2.jpg]
[themes.2the.me/Boomerang/1.2/assets/images/team/3.jpg]
[themes.2the.me/Messenger-1.1/assets/images/smile.svg]
[themes.2the.me/Messenger-1.1/chat-2.html]
[themes.2the.me/Messenger-1.1/chat-1.html]
[themes.2the.me/Messenger-1.1/assets/images/paperclip.svg]
[cdnjs.cloudflare.com/ajax/libs/prism/1.17.1/themes/prism-tomorrow.min.css]
[themes.2the.me/Messenger-1.1/index-2.html]
[themes.2the.me/Messenger-1.1/documentation/changelog.html]
[themes.2the.me/Messenger-1.1/documentation/alert.html]
[themes.2the.me/Messenger-1.1/documentation/avatar.html]
[themes.2the.me/Messenger-1.1/documentation/badge.html]
[themes.2the.me/Messenger-1.1/documentation/buttons.html]
[themes.2the.me/Messenger-1.1/documentation/cards.html]
[themes.2the.me/Messenger-1.1/documentation/collapse.html]
[themes.2the.me/Messenger-1.1/documentation/dropdowns.html]
[themes.2the.me/Messenger-1.1/documentation/forms.html]
[themes.2the.me/Messenger-1.1/documentation/icons.html]
[themes.2the.me/Messenger-1.1/documentation/lists.html]
[themes.2the.me/Messenger-1.1/documentation/modal.html]
[themes.2the.me/Messenger-1.1/documentation/navs.html]
[themes.2the.me/Messenger-1.1/documentation/popovers.html]
[themes.2the.me/Messenger-1.1/documentation/progress.html]
[themes.2the.me/Messenger-1.1/documentation/tables.html]
[themes.2the.me/Messenger-1.1/documentation/toasts.html]
[themes.2the.me/Messenger-1.1/documentation/typography.html]
[themes.2the.me/Messenger-1.1/documentation/opacity.html]
[themes.2the.me/Messenger-1.1/documentation/fill.html]
[themes.2the.me/Messenger-1.1/documentation/autosize.html]
[themes.2the.me/Messenger-1.1/documentation/dropzonejs.html]
[themes.2the.me/Messenger-1.1/documentation/svg-injector.html]
[themes.2the.me/Messenger-1.1/documentation/emoji.html]
[themes.2the.me/Messenger-1.1/documentation/zoom-vanilla.html]
[themes.2the.me/Messenger-1.1/documentation/particles/head/head.html]
[cdnjs.cloudflare.com/ajax/libs/prism/1.17.1/components/prism-core.min.js]
[cdnjs.cloudflare.com/ajax/libs/prism/1.17.1/plugins/autoloader/prism-autoloader.min.js]
[themes.2the.me/Messenger-1.1/documentation/index.html]
[cdnjs.cloudflare.com/ajax/libs/prism/1.17.1/plugins/normalize-whitespace/prism-normalize-whitespace.min.js]
[themes.2the.me/Messenger-1.1/demo-light/assets/css/template.min.css]
[themes.2the.me/Messenger-1.1/demo-light/assets/images/brand.svg]
[themes.2the.me/Messenger-1.1/demo-light/settings.html]
[themes.2the.me/Messenger-1.1/demo-light/assets/images/avatars/10.jpg]
[themes.2the.me/Messenger-1.1/demo-light/assets/images/avatars/6.jpg]
[themes.2the.me/Messenger-1.1/demo-light/assets/images/avatars/5.jpg]
[themes.2the.me/Messenger-1.1/demo-light/assets/images/avatars/4.jpg]
[themes.2the.me/Messenger-1.1/demo-light/assets/images/avatars/7.jpg]
[themes.2the.me/Messenger-1.1/demo-light/assets/images/avatars/9.jpg]
[themes.2the.me/Messenger-1.1/demo-light/assets/images/avatars/3.jpg]
[themes.2the.me/Messenger-1.1/demo-light/chat-2.html]
[themes.2the.me/Messenger-1.1/demo-light/assets/images/avatars/2.jpg]
[themes.2the.me/Messenger-1.1/demo-light/assets/images/avatars/8.jpg]
[themes.2the.me/Messenger-1.1/demo-light/chat-1.html]
[themes.2the.me/Messenger-1.1/demo-light/assets/images/avatars/11.jpg]
[themes.2the.me/Messenger-1.1/demo-light/documentation/index.html]
[themes.2the.me/Messenger-1.1/demo-light/assets/images/demos/chat.jpg]
[themes.2the.me/Messenger-1.1/demo-light/assets/images/demos/chat-dark.jpg]
[themes.2the.me/Messenger-1.1/demo-light/assets/images/demos/sign-in-dark.jpg]
[themes.2the.me/Messenger-1.1/demo-light/signin.html]
[themes.2the.me/Messenger-1.1/demo-light/assets/images/demos/sign-up-dark.jpg]
[themes.2the.me/Messenger-1.1/demo-light/signup.html]
[themes.2the.me/Messenger-1.1/demo-light/assets/images/demos/password-reset-dark.jpg]
[themes.2the.me/Messenger-1.1/demo-light/password-reset.html]
[themes.2the.me/Messenger-1.1/demo-light/assets/images/avatars/12.jpg]
[themes.2the.me/Messenger-1.1/demo-light/assets/js/libs/jquery.min.js]
[themes.2the.me/Messenger-1.1/demo-light/assets/js/bootstrap/bootstrap.bundle.min.js]
[themes.2the.me/Messenger-1.1/demo-light/index.html]
[themes.2the.me/Messenger-1.1/demo-light/assets/js/template.js]
[themes.2the.me/Messenger-1.1/demo-light/assets/js/plugins/plugins.bundle.js]
[themes.2the.me/Messenger-1.1/demo-dark/assets/css/template.dark.min.css]
[themes.2the.me/Messenger-1.1/demo-dark/assets/images/brand.svg]
[themes.2the.me/Messenger-1.1/demo-dark/settings.html]
[themes.2the.me/Messenger-1.1/demo-dark/assets/images/avatars/10.jpg]
[themes.2the.me/Messenger-1.1/demo-dark/assets/images/avatars/6.jpg]
[themes.2the.me/Messenger-1.1/demo-dark/assets/images/avatars/5.jpg]
[themes.2the.me/Messenger-1.1/demo-dark/assets/images/avatars/4.jpg]
[themes.2the.me/Messenger-1.1/demo-dark/assets/images/avatars/7.jpg]
[themes.2the.me/Messenger-1.1/demo-dark/assets/images/avatars/9.jpg]
[themes.2the.me/Messenger-1.1/demo-dark/assets/images/avatars/3.jpg]
[themes.2the.me/Messenger-1.1/demo-dark/chat-2.html]
[themes.2the.me/Messenger-1.1/demo-dark/assets/images/avatars/2.jpg]
[themes.2the.me/Messenger-1.1/demo-dark/assets/images/avatars/8.jpg]
[themes.2the.me/Messenger-1.1/demo-dark/chat-1.html]
[themes.2the.me/Messenger-1.1/demo-dark/assets/images/avatars/11.jpg]
[themes.2the.me/Messenger-1.1/demo-dark/documentation/index.html]
[themes.2the.me/Messenger-1.1/demo-dark/assets/images/demos/chat.jpg]
[themes.2the.me/Messenger-1.1/demo-dark/assets/images/demos/chat-dark.jpg]
[themes.2the.me/Messenger-1.1/demo-dark/assets/images/demos/sign-in-dark.jpg]
[themes.2the.me/Messenger-1.1/demo-dark/signin.html]
[themes.2the.me/Messenger-1.1/demo-dark/assets/images/demos/sign-up-dark.jpg]
[themes.2the.me/Messenger-1.1/demo-dark/signup.html]
[themes.2the.me/Messenger-1.1/demo-dark/assets/images/demos/password-reset-dark.jpg]
[themes.2the.me/Messenger-1.1/demo-dark/password-reset.html]
[themes.2the.me/Messenger-1.1/demo-dark/assets/images/avatars/12.jpg]
[themes.2the.me/Messenger-1.1/demo-dark/assets/js/libs/jquery.min.js]
[themes.2the.me/Messenger-1.1/demo-dark/assets/js/bootstrap/bootstrap.bundle.min.js]
[themes.2the.me/Messenger-1.1/demo-dark/index.html]
[themes.2the.me/Messenger-1.1/signin.html]
[themes.2the.me/Messenger-1.1/signup.html]
[themes.2the.me/Messenger-1.1/password-reset.html]
[themes.2the.me/Messenger-1.1/assets/fonts/feather/feather.svg]
[themes.2the.me/Messenger-1.1/some.html]
[themes.2the.me/Messenger-1.1/assets/images/smile.svg]
[themes.2the.me/Messenger-1.1/assets/images/paperclip.svg]
[cdnjs.cloudflare.com/ajax/libs/prism/1.17.1/themes/prism-tomorrow.min.css]
[themes.2the.me/Messenger-1.1/index-2.html]
[themes.2the.me/Messenger-1.1/documentation/changelog.html]
[themes.2the.me/Messenger-1.1/documentation/alert.html]
[themes.2the.me/Messenger-1.1/demo-dark/assets/js/template.js]
[themes.2the.me/Messenger-1.1/demo-dark/assets/js/plugins/plugins.bundle.js]
[themes.2the.me/assets/images/avatars/1.jpg]
[themes.2the.me/Messenger-1.1/assets/images/avatars/1.jpg]
[themes.2the.me/Messenger-1.1/documentation/avatar.html]
[themes.2the.me/Messenger-1.1/documentation/badge.html]
[themes.2the.me/Messenger-1.1/documentation/buttons.html]
[themes.2the.me/Messenger-1.1/documentation/cards.html]
[themes.2the.me/Messenger-1.1/documentation/collapse.html]
[themes.2the.me/Messenger-1.1/documentation/dropdowns.html]
[themes.2the.me/Messenger-1.1/documentation/forms.html]
[themes.2the.me/Messenger-1.1/documentation/icons.html]
[themes.2the.me/Messenger-1.1/documentation/lists.html]
[themes.2the.me/Messenger-1.1/documentation/modal.html]
[themes.2the.me/Messenger-1.1/documentation/navs.html]
[themes.2the.me/Messenger-1.1/documentation/popovers.html]
[themes.2the.me/Messenger-1.1/documentation/progress.html]
[themes.2the.me/Messenger-1.1/documentation/tables.html]
[themes.2the.me/Messenger-1.1/documentation/toasts.html]
[themes.2the.me/Messenger-1.1/documentation/typography.html]
[themes.2the.me/Messenger-1.1/documentation/opacity.html]
[themes.2the.me/Messenger-1.1/documentation/fill.html]
[themes.2the.me/Messenger-1.1/documentation/autosize.html]
[themes.2the.me/Messenger-1.1/documentation/dropzonejs.html]
[themes.2the.me/Messenger-1.1/documentation/svg-injector.html]
[themes.2the.me/Messenger-1.1/documentation/emoji.html]
[themes.2the.me/Messenger-1.1/documentation/zoom-vanilla.html]
[themes.2the.me/Messenger-1.1/documentation/particles/assets/css/template.min.css]
[themes.2the.me/Messenger-1.1/documentation/particles/assets/css/template.dark.min.css]
[themes.2the.me/Messenger-1.1/documentation/particles/head/head.html]
[themes.2the.me/Messenger-1.1/demo-light/assets/fonts/roboto/roboto.italic-webfont.woff2]
[themes.2the.me/Messenger-1.1/demo-light/assets/fonts/roboto/roboto.italic-webfont.woff]
[themes.2the.me/Messenger-1.1/demo-light/assets/fonts/roboto/roboto.bold-webfont.woff2]
[themes.2the.me/Messenger-1.1/demo-light/assets/fonts/roboto/roboto.bold-webfont.woff]
[themes.2the.me/Messenger-1.1/demo-light/assets/fonts/roboto/roboto.regular-webfont.woff2]
[themes.2the.me/Messenger-1.1/demo-light/assets/fonts/roboto/roboto.regular-webfont.woff]
[themes.2the.me/Messenger-1.1/demo-light/assets/fonts/roboto/roboto.medium-webfont.woff2]
[themes.2the.me/Messenger-1.1/demo-light/assets/fonts/roboto/roboto.medium-webfont.woff]
[themes.2the.me/Messenger-1.1/demo-light/assets/fonts/feather/feather.ttf]
[themes.2the.me/Messenger-1.1/demo-light/assets/fonts/feather/feather.woff]
[themes.2the.me/Messenger-1.1/demo-light/assets/css/template.min.css]
[themes.2the.me/Messenger-1.1/demo-light/assets/images/brand.svg]
[themes.2the.me/Messenger-1.1/demo-light/settings.html]
[themes.2the.me/Messenger-1.1/demo-light/assets/fonts/feather/feather.svg]
[themes.2the.me/Messenger-1.1/demo-light/some.php]
[themes.2the.me/Messenger-1.1/demo-light/assets/images/smile.svg]
[themes.2the.me/Messenger-1.1/demo-light/chat-2.html]
[themes.2the.me/Messenger-1.1/demo-light/chat-1.html]
[themes.2the.me/Messenger-1.1/demo-light/assets/images/paperclip.svg]
[themes.2the.me/Messenger-1.1/demo-light/assets/css/template.dark.min.css]
[themes.2the.me/Messenger-1.1/demo-light/index-2.html]
[themes.2the.me/Messenger-1.1/demo-light/documentation/changelog.html]
[themes.2the.me/Messenger-1.1/demo-light/documentation/alert.html]
[themes.2the.me/Messenger-1.1/demo-light/documentation/avatar.html]
[themes.2the.me/Messenger-1.1/demo-light/documentation/badge.html]
[themes.2the.me/Messenger-1.1/demo-light/documentation/buttons.html]
[themes.2the.me/Messenger-1.1/demo-light/documentation/cards.html]
[themes.2the.me/Messenger-1.1/demo-light/documentation/collapse.html]
[themes.2the.me/Messenger-1.1/demo-light/documentation/dropdowns.html]
[themes.2the.me/Messenger-1.1/demo-light/documentation/forms.html]
[themes.2the.me/Messenger-1.1/demo-light/documentation/icons.html]
[themes.2the.me/Messenger-1.1/demo-light/documentation/lists.html]
[themes.2the.me/Messenger-1.1/demo-light/documentation/modal.html]
[themes.2the.me/Messenger-1.1/demo-light/documentation/navs.html]
[themes.2the.me/Messenger-1.1/demo-light/documentation/popovers.html]
[themes.2the.me/Messenger-1.1/demo-light/documentation/progress.html]
[themes.2the.me/Messenger-1.1/demo-light/documentation/tables.html]
[themes.2the.me/Messenger-1.1/demo-light/documentation/toasts.html]
[themes.2the.me/Messenger-1.1/demo-light/documentation/typography.html]
[themes.2the.me/Messenger-1.1/demo-light/documentation/opacity.html]
[themes.2the.me/Messenger-1.1/demo-light/documentation/fill.html]
[themes.2the.me/Messenger-1.1/demo-light/documentation/autosize.html]
[themes.2the.me/Messenger-1.1/demo-light/documentation/dropzonejs.html]
[themes.2the.me/Messenger-1.1/demo-light/documentation/svg-injector.html]
[themes.2the.me/Messenger-1.1/demo-light/documentation/emoji.html]
[themes.2the.me/Messenger-1.1/demo-light/documentation/zoom-vanilla.html]
[themes.2the.me/Messenger-1.1/demo-light/documentation/index.html]
[themes.2the.me/Messenger-1.1/demo-light/signin.html]
[themes.2the.me/Messenger-1.1/demo-light/signup.html]
[themes.2the.me/Messenger-1.1/demo-light/password-reset.html]
[themes.2the.me/Messenger-1.1/demo-light/documentation/particles/head/head.html]
[themes.2the.me/Messenger-1.1/demo-dark/assets/fonts/roboto/roboto.italic-webfont.woff2]
[themes.2the.me/Messenger-1.1/demo-dark/assets/fonts/roboto/roboto.italic-webfont.woff]
[themes.2the.me/Messenger-1.1/demo-dark/assets/fonts/roboto/roboto.bold-webfont.woff2]
[themes.2the.me/Messenger-1.1/demo-dark/assets/fonts/roboto/roboto.bold-webfont.woff]
[themes.2the.me/Messenger-1.1/demo-dark/assets/fonts/roboto/roboto.regular-webfont.woff2]
[themes.2the.me/Messenger-1.1/demo-dark/assets/fonts/roboto/roboto.regular-webfont.woff]
[themes.2the.me/Messenger-1.1/demo-dark/assets/fonts/roboto/roboto.medium-webfont.woff2]
[themes.2the.me/Messenger-1.1/demo-dark/assets/fonts/roboto/roboto.medium-webfont.woff]
[themes.2the.me/Messenger-1.1/demo-dark/assets/fonts/feather/feather.ttf]
[themes.2the.me/Messenger-1.1/demo-dark/assets/fonts/feather/feather.woff]
[themes.2the.me/Messenger-1.1/demo-dark/assets/css/template.dark.min.css]
[themes.2the.me/Messenger-1.1/demo-dark/assets/images/brand.svg]
[themes.2the.me/Messenger-1.1/demo-dark/settings.html]
[themes.2the.me/Messenger-1.1/demo-dark/assets/fonts/feather/feather.svg]
[themes.2the.me/Messenger-1.1/demo-dark/some.php]
[themes.2the.me/Messenger-1.1/demo-dark/assets/images/smile.svg]
[themes.2the.me/Messenger-1.1/demo-dark/chat-2.html]
[themes.2the.me/Messenger-1.1/demo-dark/chat-1.html]
[themes.2the.me/Messenger-1.1/demo-dark/assets/images/paperclip.svg]
[themes.2the.me/Messenger-1.1/demo-dark/assets/css/template.min.css]
[themes.2the.me/Messenger-1.1/demo-dark/index-2.html]
[themes.2the.me/Messenger-1.1/demo-dark/documentation/changelog.html]
[themes.2the.me/Messenger-1.1/demo-dark/documentation/alert.html]
[themes.2the.me/Messenger-1.1/demo-dark/documentation/avatar.html]
[themes.2the.me/Messenger-1.1/demo-dark/documentation/badge.html]
[themes.2the.me/Messenger-1.1/demo-dark/documentation/buttons.html]
[themes.2the.me/Messenger-1.1/demo-dark/documentation/cards.html]
[themes.2the.me/Messenger-1.1/demo-dark/documentation/collapse.html]
[themes.2the.me/Messenger-1.1/demo-dark/documentation/dropdowns.html]
[themes.2the.me/Messenger-1.1/demo-dark/documentation/forms.html]
[themes.2the.me/Messenger-1.1/demo-dark/documentation/icons.html]
[themes.2the.me/Messenger-1.1/demo-dark/documentation/lists.html]
[themes.2the.me/Messenger-1.1/demo-dark/documentation/modal.html]
[themes.2the.me/Messenger-1.1/demo-dark/documentation/navs.html]
[themes.2the.me/Messenger-1.1/demo-dark/documentation/popovers.html]
[themes.2the.me/Messenger-1.1/demo-dark/documentation/progress.html]
[themes.2the.me/Messenger-1.1/demo-dark/documentation/tables.html]
[themes.2the.me/Messenger-1.1/demo-dark/documentation/toasts.html]
[themes.2the.me/Messenger-1.1/demo-dark/documentation/typography.html]
[themes.2the.me/Messenger-1.1/demo-dark/documentation/opacity.html]
[themes.2the.me/Messenger-1.1/demo-dark/documentation/fill.html]
[themes.2the.me/Messenger-1.1/demo-dark/documentation/autosize.html]
[themes.2the.me/Messenger-1.1/demo-dark/documentation/dropzonejs.html]
[themes.2the.me/Messenger-1.1/demo-dark/documentation/svg-injector.html]
[themes.2the.me/Messenger-1.1/demo-dark/documentation/emoji.html]
[themes.2the.me/Messenger-1.1/demo-dark/documentation/zoom-vanilla.html]
[themes.2the.me/Messenger-1.1/demo-dark/documentation/index.html]
[themes.2the.me/Messenger-1.1/demo-dark/signin.html]
[themes.2the.me/Messenger-1.1/demo-dark/signup.html]
[themes.2the.me/Messenger-1.1/demo-dark/password-reset.html]
[themes.2the.me/assets/images/avatars/1.html]
[themes.2the.me/Messenger-1.1/documentation/particles/assets/css/template.min.html]
[themes.2the.me/Messenger-1.1/documentation/particles/assets/css/template.dark.min.html]
[themes.2the.me/Messenger-1.1/demo-light/assets/fonts/feather/feather.svg]
[themes.2the.me/Messenger-1.1/demo-light/some.html]
[themes.2the.me/Messenger-1.1/demo-light/assets/images/smile.svg]
[themes.2the.me/Messenger-1.1/demo-light/assets/images/paperclip.svg]
[themes.2the.me/Messenger-1.1/demo-light/assets/css/template.dark.min.css]
[themes.2the.me/Messenger-1.1/demo-light/index-2.html]
[themes.2the.me/Messenger-1.1/demo-light/documentation/changelog.html]
[themes.2the.me/Messenger-1.1/demo-light/documentation/alert.html]
[themes.2the.me/Messenger-1.1/demo-dark/documentation/particles/head/head.html]
[themes.2the.me/Messenger-1.1/demo-light/assets/images/avatars/1.jpg]
[themes.2the.me/Messenger-1.1/demo-light/documentation/avatar.html]
[themes.2the.me/Messenger-1.1/demo-light/documentation/badge.html]
[themes.2the.me/Messenger-1.1/demo-light/documentation/buttons.html]
[themes.2the.me/Messenger-1.1/demo-light/documentation/cards.html]
[themes.2the.me/Messenger-1.1/demo-light/documentation/collapse.html]
[themes.2the.me/Messenger-1.1/demo-light/documentation/dropdowns.html]
[themes.2the.me/Messenger-1.1/demo-light/documentation/forms.html]
[themes.2the.me/Messenger-1.1/demo-light/documentation/icons.html]
[themes.2the.me/Messenger-1.1/demo-light/documentation/lists.html]
[themes.2the.me/Messenger-1.1/demo-light/documentation/modal.html]
[themes.2the.me/Messenger-1.1/demo-light/documentation/navs.html]
[themes.2the.me/Messenger-1.1/demo-light/documentation/popovers.html]
[themes.2the.me/Messenger-1.1/demo-light/documentation/progress.html]
[themes.2the.me/Messenger-1.1/demo-light/documentation/tables.html]
[themes.2the.me/Messenger-1.1/demo-light/documentation/toasts.html]
[themes.2the.me/Messenger-1.1/demo-light/documentation/typography.html]
[themes.2the.me/Messenger-1.1/demo-light/documentation/opacity.html]
[themes.2the.me/Messenger-1.1/demo-light/documentation/fill.html]
[themes.2the.me/Messenger-1.1/demo-light/documentation/autosize.html]
[themes.2the.me/Messenger-1.1/demo-light/documentation/dropzonejs.html]
[themes.2the.me/Messenger-1.1/demo-light/documentation/svg-injector.html]
[themes.2the.me/Messenger-1.1/demo-light/documentation/emoji.html]
[themes.2the.me/Messenger-1.1/demo-light/documentation/zoom-vanilla.html]
[themes.2the.me/Messenger-1.1/demo-light/documentation/particles/assets/css/template.min.css]
[themes.2the.me/Messenger-1.1/demo-light/documentation/particles/assets/css/template.dark.min.css]
[themes.2the.me/Messenger-1.1/demo-light/documentation/particles/head/head.html]
[themes.2the.me/Messenger-1.1/demo-dark/assets/fonts/feather/feather.svg]
[themes.2the.me/Messenger-1.1/demo-dark/some.html]
[themes.2the.me/Messenger-1.1/demo-dark/assets/images/smile.svg]
[themes.2the.me/Messenger-1.1/demo-dark/assets/images/paperclip.svg]
[themes.2the.me/Messenger-1.1/demo-dark/assets/css/template.min.css]
[themes.2the.me/Messenger-1.1/demo-dark/index-2.html]
[themes.2the.me/Messenger-1.1/demo-dark/documentation/changelog.html]
[themes.2the.me/Messenger-1.1/demo-dark/documentation/alert.html]
[themes.2the.me/Messenger-1.1/demo-dark/assets/images/avatars/1.jpg]
[themes.2the.me/Messenger-1.1/demo-dark/documentation/avatar.html]
[themes.2the.me/Messenger-1.1/demo-dark/documentation/badge.html]
[themes.2the.me/Messenger-1.1/demo-dark/documentation/buttons.html]
[themes.2the.me/Messenger-1.1/demo-dark/documentation/cards.html]
[themes.2the.me/Messenger-1.1/demo-dark/documentation/collapse.html]
[themes.2the.me/Messenger-1.1/demo-dark/documentation/dropdowns.html]
[themes.2the.me/Messenger-1.1/demo-dark/documentation/forms.html]
[themes.2the.me/Messenger-1.1/demo-dark/documentation/icons.html]
[themes.2the.me/Messenger-1.1/demo-dark/documentation/lists.html]
[themes.2the.me/Messenger-1.1/demo-dark/documentation/modal.html]
[themes.2the.me/Messenger-1.1/demo-dark/documentation/navs.html]
[themes.2the.me/Messenger-1.1/demo-dark/documentation/popovers.html]
[themes.2the.me/Messenger-1.1/demo-dark/documentation/progress.html]
[themes.2the.me/Messenger-1.1/demo-dark/documentation/tables.html]
[themes.2the.me/Messenger-1.1/demo-dark/documentation/toasts.html]
[themes.2the.me/Messenger-1.1/demo-dark/documentation/typography.html]
[themes.2the.me/Messenger-1.1/demo-dark/documentation/opacity.html]
[themes.2the.me/Messenger-1.1/demo-dark/documentation/fill.html]
[themes.2the.me/Messenger-1.1/demo-dark/documentation/autosize.html]
[themes.2the.me/Messenger-1.1/demo-dark/documentation/dropzonejs.html]
[themes.2the.me/Messenger-1.1/demo-dark/documentation/svg-injector.html]
[themes.2the.me/Messenger-1.1/demo-dark/documentation/emoji.html]
[themes.2the.me/Messenger-1.1/demo-dark/documentation/zoom-vanilla.html]
[themes.2the.me/Messenger-1.1/demo-dark/documentation/particles/assets/css/template.min.css]
[themes.2the.me/Messenger-1.1/demo-dark/documentation/particles/assets/css/template.dark.min.css]
[themes.2the.me/Messenger-1.1/demo-dark/documentation/particles/head/head.html]
[themes.2the.me/Messenger-1.1/demo-light/documentation/particles/assets/css/template.min.html]
[themes.2the.me/Messenger-1.1/demo-light/documentation/particles/assets/css/template.dark.min.html]
[themes.2the.me/Messenger-1.1/demo-dark/documentation/particles/assets/css/template.min.html]
[themes.2the.me/Messenger-1.1/demo-dark/documentation/particles/assets/css/template.dark.min.html]
